Silvina@Silvina-PC MINGW32 ~/Desktop/Carpeta de Silvina GitHub ISPC/ProyectoIntegrador-ISPC (main)
$ git init
Reinitialized existing Git repository in C:/Users/Silvina/Desktop/Carpeta de Silvina GitHub ISPC/ProyectoIntegrador-ISPC/.git/

Silvina@Silvina-PC MINGW32 ~/Desktop/Carpeta de Silvina GitHub ISPC/ProyectoIntegrador-ISPC (main)
$ git branch
* main

Silvina@Silvina-PC MINGW32 ~/Desktop/Carpeta de Silvina GitHub ISPC/ProyectoIntegrador-ISPC (main)
$ git branch desarrolladorsilvina

Silvina@Silvina-PC MINGW32 ~/Desktop/Carpeta de Silvina GitHub ISPC/ProyectoIntegrador-ISPC (main)
$ git checkout desarrolladorsilvina
hint: core.useBuiltinFSMonitor=true is deprecated;please set core.fsmonitor=true instead
hint: Disable this message with "git config advice.useCoreFSMonitorConfig false"
Switched to branch 'desarrolladorsilvina'

Silvina@Silvina-PC MINGW32 ~/Desktop/Carpeta de Silvina GitHub ISPC/ProyectoIntegrador-ISPC (desarrolladorsilvina)
$ git branch
* desarrolladorsilvina
  main

Silvina@Silvina-PC MINGW32 ~/Desktop/Carpeta de Silvina GitHub ISPC/ProyectoIntegrador-ISPC (desarrolladorsilvina)
$ git add silvinasoriacv.pdf
hint: core.useBuiltinFSMonitor=true is deprecated;please set core.fsmonitor=true instead
hint: Disable this message with "git config advice.useCoreFSMonitorConfig false"

Silvina@Silvina-PC MINGW32 ~/Desktop/Carpeta de Silvina GitHub ISPC/ProyectoIntegrador-ISPC (desarrolladorsilvina)
$ git commit -m "subiendo cv silvina "
hint: core.useBuiltinFSMonitor=true is deprecated;please set core.fsmonitor=true instead
hint: Disable this message with "git config advice.useCoreFSMonitorConfig false"
Author identity unknown

*** Please tell me who you are.

Run

  git config --global user.email "you@example.com"
  git config --global user.name "Your Name"

to set your account's default identity.
Omit --global to set the identity only in this repository.

fatal: unable to auto-detect email address (got 'Silvina@Silvina-PC.(none)')

Silvina@Silvina-PC MINGW32 ~/Desktop/Carpeta de Silvina GitHub ISPC/ProyectoIntegrador-ISPC (desarrolladorsilvina)
$ git cofig --global user.email "silvinamec@gmail.com"
git: 'cofig' is not a git command. See 'git --help'.

The most similar command is
        config

Silvina@Silvina-PC MINGW32 ~/Desktop/Carpeta de Silvina GitHub ISPC/ProyectoIntegrador-ISPC (desarrolladorsilvina)
$  git config --global user.email "you@example.com"

Silvina@Silvina-PC MINGW32 ~/Desktop/Carpeta de Silvina GitHub ISPC/ProyectoIntegrador-ISPC (desarrolladorsilvina)
$   git config --global user.name "Your Name"

Silvina@Silvina-PC MINGW32 ~/Desktop/Carpeta de Silvina GitHub ISPC/ProyectoIntegrador-ISPC (desarrolladorsilvina)
$  git config --global user.email "you@example.com"

Silvina@Silvina-PC MINGW32 ~/Desktop/Carpeta de Silvina GitHub ISPC/ProyectoIntegrador-ISPC (desarrolladorsilvina)
$  git config --global user.email "silvinamec@gmail.com"

Silvina@Silvina-PC MINGW32 ~/Desktop/Carpeta de Silvina GitHub ISPC/ProyectoIntegrador-ISPC (desarrolladorsilna)
$ git config --global user.name "silvina-dew"

Silvina@Silvina-PC MINGW32 ~/Desktop/Carpeta de Silvina GitHub ISPC/ProyectoIntegrador-ISPC (desarrolladorsilna)
$ git commit -m "subiendo cv silvina"
hint: core.useBuiltinFSMonitor=true is deprecated;please set core.fsmonitor=true instead
hint: Disable this message with "git config advice.useCoreFSMonitorConfig false"
On branch desarrolladorsilvina
Untracked files:
  (use "git add <file>..." to include in what will be committed)
        SilvinaSoriacv.pdf

nothing added to commit but untracked files present (use "git add" to track)

Silvina@Silvina-PC MINGW32 ~/Desktop/Carpeta de Silvina GitHub ISPC/ProyectoIntegrador-ISPC (desarrolladorsilna)
$ git add
Nothing specified, nothing added.
hint: Maybe you wanted to say 'git add .'?
hint: Turn this message off by running
hint: "git config advice.addEmptyPathspec false"

Silvina@Silvina-PC MINGW32 ~/Desktop/Carpeta de Silvina GitHub ISPC/ProyectoIntegrador-ISPC (desarrolladorsilna)
$ git add silvinasoriacv.pdf
hint: core.useBuiltinFSMonitor=true is deprecated;please set core.fsmonitor=true instead
hint: Disable this message with "git config advice.useCoreFSMonitorConfig false"

Silvina@Silvina-PC MINGW32 ~/Desktop/Carpeta de Silvina GitHub ISPC/ProyectoIntegrador-ISPC (desarrolladorsilna)
$ git commit -m "subiendo cv silvina"
hint: core.useBuiltinFSMonitor=true is deprecated;please set core.fsmonitor=true instead
hint: Disable this message with "git config advice.useCoreFSMonitorConfig false"
On branch desarrolladorsilvina
Untracked files:
  (use "git add <file>..." to include in what will be committed)
        SilvinaSoriacv.pdf

nothing added to commit but untracked files present (use "git add" to track)

Silvina@Silvina-PC MINGW32 ~/Desktop/Carpeta de Silvina GitHub ISPC/ProyectoIntegrador-ISPC (desarrolladorsilna)
$ git add SilvinaSoriacv.pdf
hint: core.useBuiltinFSMonitor=true is deprecated;please set core.fsmonitor=true instead
hint: Disable this message with "git config advice.useCoreFSMonitorConfig false"

Silvina@Silvina-PC MINGW32 ~/Desktop/Carpeta de Silvina GitHub ISPC/ProyectoIntegrador-ISPC (desarrolladorsilna)
$ git commit -m "subiendo cv silvina"
hint: core.useBuiltinFSMonitor=true is deprecated;please set core.fsmonitor=true instead
hint: Disable this message with "git config advice.useCoreFSMonitorConfig false"
[desarrolladorsilvina e3808e5] subiendo cv silvina
 1 file changed, 0 insertions(+), 0 deletions(-)
 create mode 100644 SilvinaSoriacv.pdf

Silvina@Silvina-PC MINGW32 ~/Desktop/Carpeta de Silvina GitHub ISPC/ProyectoIntegrador-ISPC (desarrolladorsilna)
$ git push
fatal: The current branch desarrolladorsilvina has no upstream branch.
To push the current branch and set the remote as upstream, use

    git push --set-upstream origin desarrolladorsilvina


Silvina@Silvina-PC MINGW32 ~/Desktop/Carpeta de Silvina GitHub ISPC/ProyectoIntegrador-ISPC (desarrolladorsilna)
$ git push --set-upstream origin desarrolladorsilvina
error: unable to read askpass response from 'C:/Program Files/Git/mingw32/bin/git-askpass.exe'
Password for 'https://MecMac51nva@github.com':
remote: Support for password authentication was removed on August 13, 2021. Please use a personal access tokeinstead.
remote: Please see https://github.blog/2020-12-15-token-authentication-requirements-for-git-operations/ for me information.
fatal: Authentication failed for 'https://github.com/MiguelMurua/ProyectoIntegrador-ISPC.git/'
gi
Silvina@Silvina-PC MINGW32 ~/Desktop/Carpeta de Silvina GitHub ISPC/ProyectoIntegrador-ISPC (desarrolladorsilna)
$ git push --set-upstream origin desarrolladorsilvina
remote: Support for password authentication was removed on August 13, 2021. Please use a personal access tokeinstead.
remote: Please see https://github.blog/2020-12-15-token-authentication-requirements-for-git-operations/ for me information.
fatal: Authentication failed for 'https://github.com/MiguelMurua/ProyectoIntegrador-ISPC.git/'

Silvina@Silvina-PC MINGW32 ~/Desktop/Carpeta de Silvina GitHub ISPC/ProyectoIntegrador-ISPC (desarrolladorsilna)
$
